
> sona-money@1.0.0 build
> next build

Ôû▓ Next.js 16.1.6 (Turbopack)
- Environments: .env.local
- Experiments (use with caution):
  Ô£ô optimizeCss
  Ô£ô scrollRestoration

node.exe : ÔÜá The "middleware" file convention is deprecated. Please use "proxy" instead. Learn more: https://nextjs.org/docs/messages/middleware-to-proxy
At line:1 char:1
+ & "C:\Program Files\nodejs/node.exe" "C:\Program Files\nodejs/node_mo ...
+ ~~~~~~~~~~~~~~~~~~~~~~~~~~~~~~~~~~~~~~~~~~~~~~~~~~~~~~~~~~~~~~~~~~~~~
    + CategoryInfo          : NotSpecified: (ÔÜá The "middle...leware-to-proxy:String) [], RemoteException
    + FullyQualifiedErrorId : NativeCommandError
 
  Creating an optimized production build ...
Ô£ô Compiled successfully in 12.5s
  Running TypeScript ...
  Collecting page data using 15 workers ...
  Generating static pages using 15 workers (0/37) ...
  Generating static pages using 15 workers (9/37) 
  Generating static pages using 15 workers (18/37) 
  Generating static pages using 15 workers (27/37) 
Ô£ô Generating static pages using 15 workers (37/37) in 1108.3ms
  Finalizing page optimization ...

Route (app)
Ôöî Ôùï /
Ôö£ Ôùï /_not-found
Ôö£ ãÆ /analytics
Ôö£ ãÆ /api/auth/login
Ôö£ ãÆ /api/auth/maintenance-bypass
Ôö£ ãÆ /api/auth/mfa/send
Ôö£ ãÆ /api/auth/mfa/setup
Ôö£ ãÆ /api/auth/mfa/status
Ôö£ ãÆ /api/auth/mfa/trust
Ôö£ ãÆ /api/auth/mfa/verify
Ôö£ ãÆ /api/auth/register
Ôö£ ãÆ /api/auth/sessions
Ôö£ ãÆ /api/budget/warnings
Ôö£ ãÆ /api/chat
Ôö£ ãÆ /api/csp-report
Ôö£ ãÆ /api/exchange-rate
Ôö£ ãÆ /api/scan-receipt
Ôö£ ãÆ /api/transactions
Ôö£ ãÆ /api/transactions/[id]
Ôö£ ãÆ /budget
Ôö£ Ôùï /budget-calculator
Ôö£ ãÆ /calendar
Ôö£ ãÆ /callback
Ôö£ ãÆ /categories
Ôö£ ãÆ /dashboard
Ôö£ Ôùï /forgot-password
Ôö£ ãÆ /goals
Ôö£ Ôùï /id
Ôö£ Ôùï /login
Ôö£ Ôùï /maintenance
Ôö£ Ôùï /manual-tracker
Ôö£ Ôùï /mfa-verify
Ôö£ Ôùï /mint-alternative
Ôö£ Ôùï /reset-password
Ôö£ Ôùï /robots.txt
Ôö£ ãÆ /settings
Ôö£ Ôùï /signup
Ôö£ Ôùï /sitemap.xml
Ôö£ Ôùï /templates
Ôöö ãÆ /transactions


ãÆ Proxy (Middleware)

Ôùï  (Static)   prerendered as static content
ãÆ  (Dynamic)  server-rendered on demand

